INFO:     Started server process [29788]
INFO:     Waiting for application startup.
INFO:Application:[*] H\u1ec7 th\u1ed1ng \u0111ang kh\u1edfi \u0111\u1ed9ng...
INFO:Application:[+] Kh\u1edfi t\u1ea1o C\u01a1 s\u1edf d\u1eef li\u1ec7u thành công.
INFO:TaskDispatcher:[*] Task Dispatcher ch\u1ea1y ng\u1ea7m \u0111ã kh\u1edfi \u0111\u1ed9ng.
INFO:Application:[+] Kh\u1edfi t\u1ea1o ConcurrentTaskDispatcher thành công.
INFO:apscheduler.scheduler:Scheduler started
INFO:InteractionScheduler:[+] InteractionScheduler \u0111ã kh\u1edfi \u0111\u1ed9ng.
INFO:Application:[+] Kh\u1edfi t\u1ea1o InteractionScheduler thành công.
INFO:apscheduler.scheduler:Scheduler started
INFO:ScheduledUpload:[+] ScheduledUploadService \u0111ã kh\u1edfi \u0111\u1ed9ng.
INFO:Application:[+] Kh\u1edfi t\u1ea1o ScheduledUploadService thành công.
INFO:     Application startup complete.
INFO:     Uvicorn running on http://127.0.0.1:9000 (Press CTRL+C to quit)
INFO:     127.0.0.1:57589 - "WebSocket /ws/screens" [accepted]
INFO:WebSocketManager:[+] K\u1ebft n\u1ed1i WebSocket m\u1edbi thi\u1ebft l\u1eadp. T\u1ed5ng k\u1ebft n\u1ed1i: 1
INFO:     connection open
INFO:     127.0.0.1:57593 - "WebSocket /ws" [accepted]
INFO:WebSocketManager:[+] K\u1ebft n\u1ed1i WebSocket m\u1edbi thi\u1ebft l\u1eadp. T\u1ed5ng k\u1ebft n\u1ed1i: 1
INFO:     connection open
INFO:WebSocketManager:[-] M\u1ed9t k\u1ebft n\u1ed1i WebSocket \u0111ã \u0111óng. T\u1ed5ng k\u1ebft n\u1ed1i: 0
INFO:     connection closed
INFO:TaskDispatcher:[+] \u0110ã c\u1eadp nh\u1eadt gi\u1edbi h\u1ea1n lu\u1ed3ng ch\u1ea1y \u0111\u1ed3ng th\u1eddi / 1 proxy thành: 4
INFO:TaskDispatcher:[+] Tài kho\u1ea3n artiemenk807647@outlook.com | Tác v\u1ee5 UPLOAD_MEDIA_BATCH \u0111ã \u0111\u01b0\u1ee3c \u0111\u01b0a vào hàng \u0111\u1ee3i.
INFO:TaskDispatcher:[+] Tài kho\u1ea3n geroldmacwilliam04838@outlook.com | Tác v\u1ee5 UPLOAD_MEDIA_BATCH \u0111ã \u0111\u01b0\u1ee3c \u0111\u01b0a vào hàng \u0111\u1ee3i.
INFO:TaskDispatcher:[*] Kh\u1edfi ch\u1ea1y trình duy\u1ec7t cho tài kho\u1ea3n: artiemenk807647@outlook.com | Tác v\u1ee5: UPLOAD_MEDIA_BATCH
INFO:TaskDispatcher:[*] Kh\u1edfi ch\u1ea1y trình duy\u1ec7t cho tài kho\u1ea3n: geroldmacwilliam04838@outlook.com | Tác v\u1ee5: UPLOAD_MEDIA_BATCH
INFO:PlaywrightAdapter:[*] Da tao profile moi va gan 1 extension: omocaptcha@gmail.com@1.7.7
INFO:     127.0.0.1:61335 - "WebSocket /ws/screens" [accepted]
INFO:WebSocketManager:[+] K\u1ebft n\u1ed1i WebSocket m\u1edbi thi\u1ebft l\u1eadp. T\u1ed5ng k\u1ebft n\u1ed1i: 1
INFO:     connection open
INFO:WebSocketManager:[-] M\u1ed9t k\u1ebft n\u1ed1i WebSocket \u0111ã \u0111óng. T\u1ed5ng k\u1ebft n\u1ed1i: 0
INFO:     connection closed
INFO:     127.0.0.1:61340 - "WebSocket /ws/screens" [accepted]
INFO:WebSocketManager:[+] K\u1ebft n\u1ed1i WebSocket m\u1edbi thi\u1ebft l\u1eadp. T\u1ed5ng k\u1ebft n\u1ed1i: 1
INFO:     connection open
INFO:TaskDispatcher:[+] \u0110ã c\u1eadp nh\u1eadt gi\u1edbi h\u1ea1n lu\u1ed3ng ch\u1ea1y \u0111\u1ed3ng th\u1eddi / 1 proxy thành: 1
INFO:PlaywrightAdapter:[LAUNCH] OK sau 13.2s (lan 1/2).
INFO:PlaywrightAdapter:[HWND] Detected token-owned window HWND=10947996 for this session.
INFO:PlaywrightAdapter:[WINDOW] HWND=10947996 dang CLOAK/OFF-SCREEN.
INFO:PlaywrightAdapter:[HWND] Stream recovered token-owned HWND=18350286.
INFO:PlaywrightAdapter:[*] Khoi tao tab moi sach.
INFO:PlaywrightAdapter:[+] Khoi tao browser session (headed-cloaked). Seed: 1393712355 | Proxy: Direct NET
INFO:PlaywrightAdapter:[*] Dieu huong toi https://www.tiktok.com/foryou?lang=en (lan 1, wait=commit)...
INFO:PlaywrightAdapter:[*] Dieu huong toi https://www.tiktok.com/foryou?lang=en (lan 1, wait=commit)...
INFO:PlaywrightAdapter:[*] Dang doi trang chu TikTok on dinh phien dang nhap...
INFO:PlaywrightAdapter:[+] Xac minh THANH CONG sau 4 giay (Phat hien nav-profile/upload/messages).
INFO:PlaywrightAdapter:[*] Dieu huong toi https://www.tiktok.com/foryou?lang=en (lan 1, wait=commit)...
INFO:PlaywrightAdapter:[*] Dieu huong toi https://www.tiktok.com/tiktokstudio/upload?lang=en (lan 1, wait=commit)...
INFO:PlaywrightAdapter:[*] Dieu huong toi https://www.tiktok.com/tiktokstudio/upload?lang=en (lan 1, wait=commit)...
INFO:PlaywrightAdapter:[*] Dieu huong toi https://www.tiktok.com/tiktokstudio/upload?lang=en (lan 1, wait=commit)...
INFO:TaskDispatcher:[!] [EMERGENCY STOP] Da huy 2 task dang chay va xoa 0 task con trong hang doi.
WARNING:TaskDispatcher:[!] Task cua tai khoan geroldmacwilliam04838@outlook.com da bi HUY (Emergency Stop / Shutdown).
WARNING:TaskDispatcher:[!] Task cua tai khoan artiemenk807647@outlook.com da bi HUY (Emergency Stop / Shutdown).
INFO:PlaywrightAdapter:[+] Da dong phien trinh duyet va giai phong tai nguyen.
INFO:PlaywrightAdapter:[*] Dang don dep ho so tam thoi: C:\Users\Admin\AppData\Local\Temp\tiktok_auto_profiles\temp_187c73ab-9743-4165-9cee-42d461c75ff2
INFO:WebSocketManager:[-] M\u1ed9t k\u1ebft n\u1ed1i WebSocket \u0111ã \u0111óng. T\u1ed5ng k\u1ebft n\u1ed1i: 0
INFO:     connection closed
INFO:     127.0.0.1:54246 - "WebSocket /ws/screens" [accepted]
INFO:WebSocketManager:[+] K\u1ebft n\u1ed1i WebSocket m\u1edbi thi\u1ebft l\u1eadp. T\u1ed5ng k\u1ebft n\u1ed1i: 1
INFO:     connection open
INFO:WebSocketManager:[-] M\u1ed9t k\u1ebft n\u1ed1i WebSocket \u0111ã \u0111óng. T\u1ed5ng k\u1ebft n\u1ed1i: 0
INFO:     connection closed
INFO:     127.0.0.1:54247 - "WebSocket /ws/screens" [accepted]
INFO:WebSocketManager:[+] K\u1ebft n\u1ed1i WebSocket m\u1edbi thi\u1ebft l\u1eadp. T\u1ed5ng k\u1ebft n\u1ed1i: 1
INFO:     connection open
INFO:WebSocketManager:[-] M\u1ed9t k\u1ebft n\u1ed1i WebSocket \u0111ã \u0111óng. T\u1ed5ng k\u1ebft n\u1ed1i: 0
INFO:     connection closed
INFO:TaskDispatcher:[+] \u0110ã c\u1eadp nh\u1eadt gi\u1edbi h\u1ea1n lu\u1ed3ng ch\u1ea1y \u0111\u1ed3ng th\u1eddi / 1 proxy thành: 1
INFO:TaskDispatcher:[+] Tài kho\u1ea3n szocssutantox@hotmail.com | Tác v\u1ee5 UPLOAD_MEDIA_BATCH \u0111ã \u0111\u01b0\u1ee3c \u0111\u01b0a vào hàng \u0111\u1ee3i.
INFO:TaskDispatcher:[+] Tài kho\u1ea3n richarddemmin623037@outlook.com | Tác v\u1ee5 UPLOAD_MEDIA_BATCH \u0111ã \u0111\u01b0\u1ee3c \u0111\u01b0a vào hàng \u0111\u1ee3i.
INFO:TaskDispatcher:[+] Tài kho\u1ea3n zainesker046118@outlook.com | Tác v\u1ee5 UPLOAD_MEDIA_BATCH \u0111ã \u0111\u01b0\u1ee3c \u0111\u01b0a vào hàng \u0111\u1ee3i.
INFO:TaskDispatcher:[+] Tài kho\u1ea3n irumajonesy86@hotmail.com | Tác v\u1ee5 UPLOAD_MEDIA_BATCH \u0111ã \u0111\u01b0\u1ee3c \u0111\u01b0a vào hàng \u0111\u1ee3i.
INFO:TaskDispatcher:[+] Tài kho\u1ea3n bodahatulobio@hotmail.com | Tác v\u1ee5 UPLOAD_MEDIA_BATCH \u0111ã \u0111\u01b0\u1ee3c \u0111\u01b0a vào hàng \u0111\u1ee3i.
INFO:TaskDispatcher:[+] Tài kho\u1ea3n ducaynelcida66@hotmail.com | Tác v\u1ee5 UPLOAD_MEDIA_BATCH \u0111ã \u0111\u01b0\u1ee3c \u0111\u01b0a vào hàng \u0111\u1ee3i.
INFO:TaskDispatcher:[+] Tài kho\u1ea3n chumungly3@hotmail.com | Tác v\u1ee5 UPLOAD_MEDIA_BATCH \u0111ã \u0111\u01b0\u1ee3c \u0111\u01b0a vào hàng \u0111\u1ee3i.
INFO:TaskDispatcher:[+] Tài kho\u1ea3n arenivasjalisa207@hotmail.com | Tác v\u1ee5 UPLOAD_MEDIA_BATCH \u0111ã \u0111\u01b0\u1ee3c \u0111\u01b0a vào hàng \u0111\u1ee3i.
INFO:TaskDispatcher:[+] Tài kho\u1ea3n fenlaylathoyax@hotmail.com | Tác v\u1ee5 UPLOAD_MEDIA_BATCH \u0111ã \u0111\u01b0\u1ee3c \u0111\u01b0a vào hàng \u0111\u1ee3i.
INFO:TaskDispatcher:[+] Tài kho\u1ea3n nothstineschoon58@hotmail.com | Tác v\u1ee5 UPLOAD_MEDIA_BATCH \u0111ã \u0111\u01b0\u1ee3c \u0111\u01b0a vào hàng \u0111\u1ee3i.
INFO:TaskDispatcher:[+] Tài kho\u1ea3n odiernotipner419@hotmail.com | Tác v\u1ee5 UPLOAD_MEDIA_BATCH \u0111ã \u0111\u01b0\u1ee3c \u0111\u01b0a vào hàng \u0111\u1ee3i.
INFO:TaskDispatcher:[+] Tài kho\u1ea3n welshansmusquiz4436@hotmail.com | Tác v\u1ee5 UPLOAD_MEDIA_BATCH \u0111ã \u0111\u01b0\u1ee3c \u0111\u01b0a vào hàng \u0111\u1ee3i.
INFO:TaskDispatcher:[+] Tài kho\u1ea3n kineavyshataej@hotmail.com | Tác v\u1ee5 UPLOAD_MEDIA_BATCH \u0111ã \u0111\u01b0\u1ee3c \u0111\u01b0a vào hàng \u0111\u1ee3i.
INFO:TaskDispatcher:[+] Tài kho\u1ea3n alyonipedrosov9555@hotmail.com | Tác v\u1ee5 UPLOAD_MEDIA_BATCH \u0111ã \u0111\u01b0\u1ee3c \u0111\u01b0a vào hàng \u0111\u1ee3i.
INFO:TaskDispatcher:[+] Tài kho\u1ea3n baltaxepajorekg@hotmail.com | Tác v\u1ee5 UPLOAD_MEDIA_BATCH \u0111ã \u0111\u01b0\u1ee3c \u0111\u01b0a vào hàng \u0111\u1ee3i.
INFO:TaskDispatcher:[+] Tài kho\u1ea3n mezickrbugaiskik3505@hotmail.com | Tác v\u1ee5 UPLOAD_MEDIA_BATCH \u0111ã \u0111\u01b0\u1ee3c \u0111\u01b0a vào hàng \u0111\u1ee3i.
INFO:TaskDispatcher:[+] Tài kho\u1ea3n crawerstrakonu@hotmail.com | Tác v\u1ee5 UPLOAD_MEDIA_BATCH \u0111ã \u0111\u01b0\u1ee3c \u0111\u01b0a vào hàng \u0111\u1ee3i.
INFO:TaskDispatcher:[+] Tài kho\u1ea3n trinhthongphat2@hotmail.com | Tác v\u1ee5 UPLOAD_MEDIA_BATCH \u0111ã \u0111\u01b0\u1ee3c \u0111\u01b0a vào hàng \u0111\u1ee3i.
INFO:TaskDispatcher:[+] Tài kho\u1ea3n leemnhut18@hotmail.com | Tác v\u1ee5 UPLOAD_MEDIA_BATCH \u0111ã \u0111\u01b0\u1ee3c \u0111\u01b0a vào hàng \u0111\u1ee3i.
INFO:TaskDispatcher:[+] Tài kho\u1ea3n arcidelisun43@hotmail.com | Tác v\u1ee5 UPLOAD_MEDIA_BATCH \u0111ã \u0111\u01b0\u1ee3c \u0111\u01b0a vào hàng \u0111\u1ee3i.
INFO:TaskDispatcher:[*] Kh\u1edfi ch\u1ea1y trình duy\u1ec7t cho tài kho\u1ea3n: szocssutantox@hotmail.com | Tác v\u1ee5: UPLOAD_MEDIA_BATCH
INFO:TaskDispatcher:[*] Kh\u1edfi ch\u1ea1y trình duy\u1ec7t cho tài kho\u1ea3n: richarddemmin623037@outlook.com | Tác v\u1ee5: UPLOAD_MEDIA_BATCH
INFO:TaskDispatcher:[*] Kh\u1edfi ch\u1ea1y trình duy\u1ec7t cho tài kho\u1ea3n: zainesker046118@outlook.com | Tác v\u1ee5: UPLOAD_MEDIA_BATCH
INFO:TaskDispatcher:[*] Kh\u1edfi ch\u1ea1y trình duy\u1ec7t cho tài kho\u1ea3n: irumajonesy86@hotmail.com | Tác v\u1ee5: UPLOAD_MEDIA_BATCH
INFO:PlaywrightAdapter:[*] Da tao profile moi va gan 1 extension: omocaptcha@gmail.com@1.7.7
INFO:     127.0.0.1:55255 - "WebSocket /ws/screens" [accepted]
INFO:WebSocketManager:[+] K\u1ebft n\u1ed1i WebSocket m\u1edbi thi\u1ebft l\u1eadp. T\u1ed5ng k\u1ebft n\u1ed1i: 1
INFO:     connection open
INFO:     127.0.0.1:55265 - "WebSocket /ws/screens" [accepted]
INFO:WebSocketManager:[+] K\u1ebft n\u1ed1i WebSocket m\u1edbi thi\u1ebft l\u1eadp. T\u1ed5ng k\u1ebft n\u1ed1i: 2
INFO:WebSocketManager:[-] M\u1ed9t k\u1ebft n\u1ed1i WebSocket \u0111ã \u0111óng. T\u1ed5ng k\u1ebft n\u1ed1i: 1
INFO:     connection open
INFO:     connection closed
INFO:PlaywrightAdapter:[LAUNCH] OK sau 12.3s (lan 1/2).
INFO:PlaywrightAdapter:[HWND] Detected token-owned window HWND=45092102 for this session.
INFO:PlaywrightAdapter:[WINDOW] HWND=45092102 dang CLOAK/OFF-SCREEN.
INFO:PlaywrightAdapter:[*] Khoi tao tab moi sach.
INFO:PlaywrightAdapter:[+] Khoi tao browser session (headed-cloaked). Seed: 2072928330 | Proxy: Direct NET
INFO:PlaywrightAdapter:[*] Dieu huong toi https://www.tiktok.com/foryou?lang=en (lan 1, wait=commit)...
INFO:PlaywrightAdapter:[HWND] Stream recovered token-owned HWND=12782608.
INFO:PlaywrightAdapter:[*] Dieu huong toi https://www.tiktok.com/foryou?lang=en (lan 1, wait=commit)...
INFO:PlaywrightAdapter:[*] Dang doi trang chu TikTok on dinh phien dang nhap...
INFO:PlaywrightAdapter:[+] Xac minh THANH CONG sau 4 giay (Phat hien nav-profile/upload/messages).
INFO:PlaywrightAdapter:[*] Dieu huong toi https://www.tiktok.com/foryou?lang=en (lan 1, wait=commit)...
INFO:PlaywrightAdapter:[*] Dieu huong toi https://www.tiktok.com/tiktokstudio/upload?lang=en (lan 1, wait=commit)...
WARNING:PlaywrightAdapter:[Upload] Playwright path channel bi firefox-20 B178; chuyen sang native chooser DWM-cloaked. Loi: ElementHandle.set_input_files: Protocol error (Page.setFileInputFiles): error in channel "content::13/17/2": exception while running method "setFileInputFiles" in namespace "page": An attempt was made to use an object that is not, or is no longer, usable 
INFO:PlaywrightAdapter:[Upload] Da gan 1 file video qua native chooser DWM-cloaked.
INFO:PlaywrightAdapter:[UPLOAD] \u0110ã ch\u1ea5p nh\u1eadn popup: Turn on
INFO:PlaywrightAdapter:[UPLOAD] \u0110ã ch\u1ea5p nh\u1eadn popup: Got it
INFO:PlaywrightAdapter:[UPLOAD] Hashtag #acpstops -> #acpstops (usage=2)
INFO:PlaywrightAdapter:[UPLOAD] Hashtag #nimowins -> #nimowins (usage=2)
INFO:PlaywrightAdapter:[UPLOAD] Hashtag #acp -> #acp (usage=123800)
INFO:PlaywrightAdapter:[UPLOAD] \u0110ã kích ho\u1ea1t hashtag TikTok: #acpstops, #nimowins, #acp
INFO:PlaywrightAdapter:[UPLOAD] \u0110ã xác nh\u1eadn popup Post now.
INFO:PlaywrightAdapter:[*] Dieu huong toi https://www.tiktok.com/tiktokstudio/content?lang=en (lan 1, wait=commit)...
INFO:PlaywrightAdapter:[HWND] Stream recovered token-owned HWND=17632114.
INFO:PlaywrightAdapter:[+] Da dong phien trinh duyet va giai phong tai nguyen.
INFO:PlaywrightAdapter:[*] Dang don dep ho so tam thoi: C:\Users\Admin\AppData\Local\Temp\tiktok_auto_profiles\temp_c03e26a0-a988-440b-8634-4b5533b31af1
INFO:TaskDispatcher:[*] Kh\u1edfi ch\u1ea1y trình duy\u1ec7t cho tài kho\u1ea3n: bodahatulobio@hotmail.com | Tác v\u1ee5: UPLOAD_MEDIA_BATCH
INFO:PlaywrightAdapter:[*] Da tao profile moi va gan 1 extension: omocaptcha@gmail.com@1.7.7
INFO:PlaywrightAdapter:[LAUNCH] OK sau 12.4s (lan 1/2).
INFO:PlaywrightAdapter:[HWND] Detected token-owned window HWND=18222626 for this session.
INFO:PlaywrightAdapter:[WINDOW] HWND=18222626 dang CLOAK/OFF-SCREEN.
INFO:PlaywrightAdapter:[HWND] Stream recovered token-owned HWND=33951120.
INFO:PlaywrightAdapter:[*] Khoi tao tab moi sach.
INFO:PlaywrightAdapter:[+] Khoi tao browser session (headed-cloaked). Seed: 565079340 | Proxy: Direct NET
INFO:PlaywrightAdapter:[*] Dieu huong toi https://www.tiktok.com/foryou?lang=en (lan 1, wait=commit)...
INFO:WebSocketManager:[-] M\u1ed9t k\u1ebft n\u1ed1i WebSocket \u0111ã \u0111óng. T\u1ed5ng k\u1ebft n\u1ed1i: 0
INFO:     connection closed
INFO:     127.0.0.1:61253 - "WebSocket /ws/screens" [accepted]
INFO:WebSocketManager:[+] K\u1ebft n\u1ed1i WebSocket m\u1edbi thi\u1ebft l\u1eadp. T\u1ed5ng k\u1ebft n\u1ed1i: 1
INFO:     connection open
INFO:WebSocketManager:[-] M\u1ed9t k\u1ebft n\u1ed1i WebSocket \u0111ã \u0111óng. T\u1ed5ng k\u1ebft n\u1ed1i: 0
INFO:     connection closed
INFO:     127.0.0.1:61254 - "WebSocket /ws/screens" [accepted]
INFO:WebSocketManager:[+] K\u1ebft n\u1ed1i WebSocket m\u1edbi thi\u1ebft l\u1eadp. T\u1ed5ng k\u1ebft n\u1ed1i: 1
INFO:     connection open
INFO:httpx:HTTP Request: POST https://login.microsoftonline.com/consumers/oauth2/v2.0/token "HTTP/1.1 200 OK"
INFO:EmailServiceFactory:[Email] Da luu refresh_token MOI cho richarddemmin623037@outlook.com (Microsoft xoay token).
INFO:MSGraphEmailService:[Graph] Lay access_token OK cho richarddemmin623037@outlook.com (scope='https://graph.microsoft.com/Mail.Read').
INFO:TaskDispatcher:[!] [EMERGENCY STOP] Da huy 4 task dang chay va xoa 14 task con trong hang doi.
WARNING:TaskDispatcher:[!] Task cua tai khoan zainesker046118@outlook.com da bi HUY (Emergency Stop / Shutdown).
WARNING:TaskDispatcher:[!] Task cua tai khoan irumajonesy86@hotmail.com da bi HUY (Emergency Stop / Shutdown).
WARNING:TaskDispatcher:[!] Task cua tai khoan bodahatulobio@hotmail.com da bi HUY (Emergency Stop / Shutdown).
INFO:TaskDispatcher:[*] Kh\u1edfi ch\u1ea1y trình duy\u1ec7t cho tài kho\u1ea3n: ducaynelcida66@hotmail.com | Tác v\u1ee5: UPLOAD_MEDIA_BATCH
WARNING:TaskDispatcher:[!] Task cua tai khoan richarddemmin623037@outlook.com da bi HUY (Emergency Stop / Shutdown).
INFO:PlaywrightAdapter:[+] Da dong phien trinh duyet va giai phong tai nguyen.
INFO:PlaywrightAdapter:[*] Dang don dep ho so tam thoi: C:\Users\Admin\AppData\Local\Temp\tiktok_auto_profiles\temp_ec0731a2-430e-418b-b3ba-25d596fb2e85
INFO:PlaywrightAdapter:[*] Da tao profile moi va gan 1 extension: omocaptcha@gmail.com@1.7.7
INFO:PlaywrightAdapter:[LAUNCH] OK sau 12.0s (lan 1/2).
INFO:PlaywrightAdapter:[HWND] Detected token-owned window HWND=36505872 for this session.
INFO:PlaywrightAdapter:[WINDOW] HWND=36505872 dang CLOAK/OFF-SCREEN.
INFO:PlaywrightAdapter:[*] Khoi tao tab moi sach.
INFO:PlaywrightAdapter:[+] Khoi tao browser session (headed-cloaked). Seed: 1928891136 | Proxy: Direct NET
INFO:PlaywrightAdapter:[*] Dieu huong toi https://www.tiktok.com/foryou?lang=en (lan 1, wait=commit)...
INFO:PlaywrightAdapter:[HWND] Stream recovered token-owned HWND=5965742.
INFO:PlaywrightAdapter:[*] Dieu huong toi https://www.tiktok.com/foryou?lang=en (lan 1, wait=commit)...
INFO:PlaywrightAdapter:[*] Dang doi trang chu TikTok on dinh phien dang nhap...
INFO:TaskDispatcher:[!] [EMERGENCY STOP] Da huy 1 task dang chay va xoa 0 task con trong hang doi.
WARNING:TaskDispatcher:[!] Task cua tai khoan ducaynelcida66@hotmail.com da bi HUY (Emergency Stop / Shutdown).
INFO:PlaywrightAdapter:[+] Da dong phien trinh duyet va giai phong tai nguyen.
INFO:PlaywrightAdapter:[*] Dang don dep ho so tam thoi: C:\Users\Admin\AppData\Local\Temp\tiktok_auto_profiles\temp_21680431-2336-4d1c-9f31-05f404b15577
INFO:TaskDispatcher:[!] [EMERGENCY STOP] Da huy 0 task dang chay va xoa 0 task con trong hang doi.
INFO:WebSocketManager:[-] M\u1ed9t k\u1ebft n\u1ed1i WebSocket \u0111ã \u0111óng. T\u1ed5ng k\u1ebft n\u1ed1i: 0
INFO:     connection closed
INFO:httpx:HTTP Request: GET https://www.tiktok.com/@cr6swee2_cue30?lang=en "HTTP/1.1 200 OK"
INFO:httpx:HTTP Request: GET https://www.tiktok.com/@cr6swee2_cue30/video/7678911098740919565 "HTTP/1.1 200 OK"
INFO:httpx:HTTP Request: GET https://www.tiktok.com/@cr6swee2_cue30/video/7678187963976600846 "HTTP/1.1 200 OK"
INFO:httpx:HTTP Request: GET https://www.tiktok.com/@cr6swee2_cue30/video/7678315127078243598 "HTTP/1.1 200 OK"
